authController invite - req.db exists? false
authController invite - req.db === prisma? false
Entering else block. org.dbUrl is: postgresql://postgres:password@localhost:5432/org_a28c527bbd974ed1ab752b09dc042448
authController invite - req.db exists? true
authController invite - req.db === prisma? false
Entering req.db.user.create
Successfully created user in tenant DB
authController invite - req.db exists? true
authController invite - req.db === prisma? false
Entering req.db.user.create
Successfully created user in tenant DB
authController invite - req.db exists? true
authController invite - req.db === prisma? false
Entering req.db.user.create
Successfully created user in tenant DB
authController invite - req.db exists? true
authController invite - req.db === prisma? false
Entering req.db.user.create
Successfully created user in tenant DB
authController invite - req.db exists? true
authController invite - req.db === prisma? false
Entering req.db.user.create
Successfully created user in tenant DB
